// Jest Snapshot v1, https://goo.gl/fbAQLP

exports[`renders correctly 1`] = `
<div
  className="loading"
>
  <div
    className="loading-items"
  >
    <span
      className="MuiSkeleton-root MuiSkeleton-text MuiSkeleton-pulse"
      style={
        Object {
          "height": undefined,
          "width": undefined,
        }
      }
    />
    <span
      className="MuiSkeleton-root MuiSkeleton-text MuiSkeleton-pulse"
      style={
        Object {
          "height": undefined,
          "width": undefined,
        }
      }
    />
    <span
      className="MuiSkeleton-root MuiSkeleton-text MuiSkeleton-pulse"
      style={
        Object {
          "height": undefined,
          "width": undefined,
        }
      }
    />
    <span
      className="MuiSkeleton-root MuiSkeleton-text MuiSkeleton-pulse"
      style={
        Object {
          "height": undefined,
          "width": undefined,
        }
      }
    />
    <span
      className="MuiSkeleton-root MuiSkeleton-text MuiSkeleton-pulse"
      style={
        Object {
          "height": undefined,
          "width": undefined,
        }
      }
    />
    <span
      className="MuiSkeleton-root MuiSkeleton-text MuiSkeleton-pulse"
      style={
        Object {
          "height": undefined,
          "width": undefined,
        }
      }
    />
    <span
      className="MuiSkeleton-root MuiSkeleton-text MuiSkeleton-pulse"
      style={
        Object {
          "height": undefined,
          "width": undefined,
        }
      }
    />
    <span
      className="MuiSkeleton-root MuiSkeleton-text MuiSkeleton-pulse"
      style={
        Object {
          "height": undefined,
          "width": undefined,
        }
      }
    />
    <span
      className="MuiSkeleton-root MuiSkeleton-text MuiSkeleton-pulse"
      style={
        Object {
          "height": undefined,
          "width": undefined,
        }
      }
    />
    <span
      className="MuiSkeleton-root MuiSkeleton-text MuiSkeleton-pulse"
      style={
        Object {
          "height": undefined,
          "width": undefined,
        }
      }
    />
  </div>
</div>
`;
